1.366808300930835829e+00
1.206342243424368688e+00
1.779160046482587854e+00
1.910944239334347428e+00
