2.057054524531924500e+00
6.051761720823672919e-01
5.999521503864158056e-01
4.213307906155223659e-01
