1.456649842640671988e+00
4.104878821086186957e-01
1.913150607911979328e+00
2.750828228566055689e-01
